// Jest Snapshot v1, https://goo.gl/fbAQLP

exports[`expects to render the CommentSection component 1`] = `ShallowWrapper {}`;
