// Jest Snapshot v1, https://goo.gl/fbAQLP

exports[`expects to render the MainRecipeList component 1`] = `ShallowWrapper {}`;
