// Jest Snapshot v1, https://goo.gl/fbAQLP

exports[`expects to render the Recipe Card component 1`] = `ShallowWrapper {}`;
